[0/2] Re-checking globbed directories...
[1/56] Building CXX object engine/data/build/arm64-macos/src/test/CMakeFiles/data_fixture_writer.dir/data_fixture_writer.cpp.o
[2/56] Linking CXX executable engine/data/build/arm64-macos/src/test/data_fixture_writer
[3/56] Generating fixtures/ready
[4/56] Building CXX object engine/data/build/arm64-macos/src/test/CMakeFiles/benchmark_data_threaded.dir/benchmark_data_threaded_movement.cpp.o
[5/56] Building CXX object engine/data/build/arm64-macos/src/test/CMakeFiles/benchmark_data_threaded.dir/benchmark_data_threaded_regenerate.cpp.o
[6/56] Building CXX object engine/data/build/arm64-macos/src/test/CMakeFiles/benchmark_data_threaded.dir/benchmark_data_threaded_explosion.cpp.o
[7/56] Building CXX object engine/data/build/arm64-macos/src/test/CMakeFiles/benchmark_data_threaded.dir/benchmark_data_resources.cpp.o
[8/56] Building CXX object engine/data/build/arm64-macos/src/test/CMakeFiles/benchmark_data_threaded_memory.dir/benchmark_data_resources.cpp.o
[9/56] Building CXX object engine/data/build/arm64-macos/src/test/CMakeFiles/benchmark_data_threaded.dir/benchmark_data_threaded_lights.cpp.o
[10/56] Building CXX object engine/data/build/arm64-macos/src/test/CMakeFiles/benchmark_data_threaded.dir/benchmark_data_threaded_fixture.cpp.o
[11/56] Building CXX object engine/data/build/arm64-macos/src/test/CMakeFiles/benchmark_data_threaded_memory.dir/benchmark_data_threaded_movement.cpp.o
[12/56] Building CXX object engine/data/build/arm64-macos/src/test/CMakeFiles/benchmark_data_threaded_memory.dir/benchmark_data_threaded_explosion.cpp.o
[13/56] Building CXX object engine/data/build/arm64-macos/src/test/CMakeFiles/benchmark_data_threaded_memory.dir/benchmark_data_threaded_regenerate.cpp.o
[14/56] Building CXX object engine/data/build/arm64-macos/src/test/CMakeFiles/benchmark_data_threaded_memory.dir/benchmark_data_threaded_fixture.cpp.o
[15/56] Building CXX object engine/data/build/arm64-macos/src/test/CMakeFiles/benchmark_data_threaded_memory.dir/benchmark_data_threaded_lights.cpp.o
[16/56] Building CXX object engine/data/build/arm64-macos/src/test/CMakeFiles/benchmark_data_mixed.dir/benchmark_data_resources.cpp.o
[17/56] Building CXX object engine/data/build/arm64-macos/src/test/CMakeFiles/benchmark_data_threaded.dir/benchmark_data_threaded.cpp.o
[18/56] Building CXX object engine/data/build/arm64-macos/src/test/CMakeFiles/benchmark_data_threaded_memory.dir/benchmark_data_threaded_memory.cpp.o
[19/56] Building CXX object engine/data/build/arm64-macos/src/test/CMakeFiles/benchmark_data_threaded_memory.dir/benchmark_data_threaded.cpp.o
[20/56] Building CXX object engine/data/build/arm64-macos/src/test/CMakeFiles/benchmark_data_mixed.dir/benchmark_data_core.cpp.o
[21/56] Building CXX object engine/data/build/arm64-macos/src/test/CMakeFiles/benchmark_data_mixed.dir/benchmark_data_common.cpp.o
[22/56] Building CXX object engine/data/build/arm64-macos/src/test/CMakeFiles/benchmark_data_mixed.dir/benchmark_data_fixture.cpp.o
[23/56] Building CXX object engine/data/build/arm64-macos/src/test/CMakeFiles/benchmark_data_mixed.dir/benchmark_data_mixed.cpp.o
[24/56] Building CXX object engine/data/build/arm64-macos/src/test/CMakeFiles/benchmark_data_mixed.dir/benchmark_data_movement.cpp.o
[25/56] Building CXX object engine/data/build/arm64-macos/src/test/CMakeFiles/benchmark_data_mixed.dir/benchmark_data_nearby_lights.cpp.o
[26/56] Building CXX object engine/data/build/arm64-macos/src/test/CMakeFiles/benchmark_data_mixed.dir/benchmark_data_churn.cpp.o
[27/56] Building CXX object engine/data/build/arm64-macos/src/test/CMakeFiles/benchmark_data_mixed.dir/benchmark_data_add.cpp.o
[28/56] Building CXX object engine/data/build/arm64-macos/src/test/CMakeFiles/benchmark_data_mixed.dir/benchmark_data_create.cpp.o
[29/56] Building CXX object engine/data/build/arm64-macos/src/test/CMakeFiles/benchmark_data_mixed.dir/benchmark_data_light_color.cpp.o
[30/56] Building CXX object engine/data/build/arm64-macos/src/test/CMakeFiles/benchmark_data_mixed.dir/benchmark_data_health_position.cpp.o
[31/56] Building CXX object engine/data/build/arm64-macos/src/test/CMakeFiles/benchmark_data_mixed.dir/benchmark_data_explosion.cpp.o
[32/56] Building CXX object engine/data/build/arm64-macos/src/test/CMakeFiles/benchmark_data_memory.dir/benchmark_data_resources.cpp.o
[33/56] Building CXX object engine/data/build/arm64-macos/src/test/CMakeFiles/benchmark_data_mixed.dir/benchmark_data_packed.cpp.o
[34/56] Building CXX object engine/data/build/arm64-macos/src/test/CMakeFiles/benchmark_data_mixed.dir/benchmark_data_shuffled_position.cpp.o
[35/56] Building CXX object engine/data/build/arm64-macos/src/test/CMakeFiles/benchmark_data_mixed.dir/benchmark_data_packed_access.cpp.o
[36/56] Building CXX object engine/data/build/arm64-macos/src/test/CMakeFiles/benchmark_data_memory.dir/benchmark_data_fixture.cpp.o
[37/56] Building CXX object engine/data/build/arm64-macos/src/test/CMakeFiles/benchmark_data_memory.dir/benchmark_data_core.cpp.o
[38/56] Building CXX object engine/data/build/arm64-macos/src/test/CMakeFiles/benchmark_data_memory.dir/benchmark_data_common.cpp.o
[39/56] Building CXX object engine/data/build/arm64-macos/src/test/CMakeFiles/benchmark_data_memory.dir/benchmark_data_mixed.cpp.o
[40/56] Building CXX object engine/data/build/arm64-macos/src/test/CMakeFiles/benchmark_data_memory.dir/benchmark_data_add.cpp.o
[41/56] Building CXX object engine/data/build/arm64-macos/src/test/CMakeFiles/benchmark_data_memory.dir/benchmark_data_movement.cpp.o
[42/56] Building CXX object engine/data/build/arm64-macos/src/test/CMakeFiles/benchmark_data_memory.dir/benchmark_data_nearby_lights.cpp.o
[43/56] Building CXX object engine/data/build/arm64-macos/src/test/CMakeFiles/benchmark_data_memory.dir/benchmark_data_churn.cpp.o
[44/56] Building CXX object engine/data/build/arm64-macos/src/test/CMakeFiles/benchmark_data_memory.dir/benchmark_data_create.cpp.o
[45/56] Building CXX object engine/data/build/arm64-macos/src/test/CMakeFiles/benchmark_data_memory.dir/benchmark_data_light_color.cpp.o
[46/56] Building CXX object engine/data/build/arm64-macos/src/test/CMakeFiles/benchmark_data_memory.dir/benchmark_data_health_position.cpp.o
[47/56] Building CXX object engine/data/build/arm64-macos/src/test/CMakeFiles/benchmark_data_memory.dir/benchmark_data_explosion.cpp.o
[48/56] Building CXX object engine/data/build/arm64-macos/src/test/CMakeFiles/benchmark_data_memory.dir/benchmark_data_packed.cpp.o
[49/56] Building CXX object engine/data/build/arm64-macos/src/test/CMakeFiles/benchmark_data_memory.dir/benchmark_data_packed_access.cpp.o
[50/56] Building CXX object engine/data/build/arm64-macos/src/test/CMakeFiles/benchmark_data_memory.dir/benchmark_data_shuffled_position.cpp.o
[51/56] Building CXX object engine/data/build/arm64-macos/src/test/CMakeFiles/benchmark_data_memory.dir/benchmark_memory.cpp.o
[52/56] Linking CXX executable engine/data/build/arm64-macos/src/test/benchmark_data_threaded
[53/56] Linking CXX executable engine/data/build/arm64-macos/src/test/benchmark_data_threaded_memory
[54/56] Linking CXX executable engine/data/build/arm64-macos/src/test/benchmark_data_mixed
[55/56] Linking CXX executable engine/data/build/arm64-macos/src/test/benchmark_data_memory
